com\quest\vms\controller\GatewayController.class
com\quest\vms\controller\KioskGatewayController.class
com\quest\vms\service\KioskGatewayServiceImpl.class
com\quest\vms\common\utils\VmsConstants.class
com\quest\vms\dto\UploadFileResponse.class
com\quest\vms\dto\Permissions.class
com\quest\vms\dto\SignupRequest$SignupRequestBuilder.class
com\quest\vms\dto\SignupRequest.class
com\quest\vms\swaggerConfig\ServerConfig.class
com\quest\vms\dto\OfficeLocationsDTO$OfficeLocationsDTOBuilder.class
com\quest\vms\dto\EmployeeRecordsDTO$EmployeeRecordsDTOBuilder.class
com\quest\vms\dto\EmployeeRecordsDTO.class
com\quest\vms\common\utils\ERole.class
com\quest\vms\dto\DropdownDataDTO$DropdownDataDTOBuilder.class
com\quest\vms\VmsUsersGatewayMicroserviceApplication.class
com\quest\vms\swaggerConfig\SecurityConfig.class
com\quest\vms\dto\UploadFileResponse$UploadFileResponseBuilder.class
com\quest\vms\swaggerConfig\Swagger2Config.class
com\quest\vms\swaggerConfig\ServerConfig$1.class
com\quest\vms\dto\LoginRequest$LoginRequestBuilder.class
com\quest\vms\dto\KioskDTO.class
com\quest\vms\dto\TempAccessDTO$TempAccessDTOBuilder.class
com\quest\vms\dto\UserDTO.class
com\quest\vms\dto\LoginRequest.class
com\quest\vms\dto\TempAccessDTO.class
com\quest\vms\exception\InternalServerError.class
com\quest\vms\service\KioskGatewayService.class
com\quest\vms\dto\JwtResponse$JwtResponseBuilder.class
com\quest\vms\service\GatewayServiceImpl.class
com\quest\vms\dto\UserDTO$UserDTOBuilder.class
com\quest\vms\service\GatewayService.class
com\quest\vms\VmsUsersGatewayMicroserviceApplication$1.class
com\quest\vms\common\utils\GenericResponse.class
com\quest\vms\dto\MessageResponse$MessageResponseBuilder.class
com\quest\vms\dto\MessageResponse.class
com\quest\vms\dto\Permissions$PermissionsBuilder.class
com\quest\vms\service\GatewayServiceImpl$1.class
com\quest\vms\dto\EmployeesCountDTO.class
com\quest\vms\exception\ServiceException.class
com\quest\vms\dto\DropdownDataDTO.class
com\quest\vms\dto\JwtResponse.class
com\quest\vms\dto\KioskDTO$KioskDTOBuilder.class
com\quest\vms\common\utils\ErrorCodes.class
com\quest\vms\dto\OfficeLocationsDTO.class
com\quest\vms\dto\EmployeesCountDTO$EmployeesCountDTOBuilder.class
com\quest\vms\common\utils\GenericResponse$GenericResponseBuilder.class
com\quest\vms\exception\RestExceptionHandler.class
