D:\VMS-Development\VMS-Users-Gateway-Service\src\main\java\com\quest\vms\dto\EmployeeRecordsDTO.java
D:\VMS-Development\VMS-Users-Gateway-Service\src\main\java\com\quest\vms\dto\KioskDTO.java
D:\VMS-Development\VMS-Users-Gateway-Service\src\main\java\com\quest\vms\service\GatewayService.java
D:\VMS-Development\VMS-Users-Gateway-Service\src\main\java\com\quest\vms\dto\EmployeesCountDTO.java
D:\VMS-Development\VMS-Users-Gateway-Service\src\main\java\com\quest\vms\swaggerConfig\ServerConfig.java
D:\VMS-Development\VMS-Users-Gateway-Service\src\main\java\com\quest\vms\VmsUsersGatewayMicroserviceApplication.java
D:\VMS-Development\VMS-Users-Gateway-Service\src\main\java\com\quest\vms\dto\UserDTO.java
D:\VMS-Development\VMS-Users-Gateway-Service\src\main\java\com\quest\vms\controller\KioskGatewayController.java
D:\VMS-Development\VMS-Users-Gateway-Service\src\main\java\com\quest\vms\service\GatewayServiceImpl.java
D:\VMS-Development\VMS-Users-Gateway-Service\src\main\java\com\quest\vms\exception\InternalServerError.java
D:\VMS-Development\VMS-Users-Gateway-Service\src\main\java\com\quest\vms\exception\RestExceptionHandler.java
D:\VMS-Development\VMS-Users-Gateway-Service\src\main\java\com\quest\vms\exception\ServiceException.java
D:\VMS-Development\VMS-Users-Gateway-Service\src\main\java\com\quest\vms\common\utils\GenericResponse.java
D:\VMS-Development\VMS-Users-Gateway-Service\src\main\java\com\quest\vms\controller\GatewayController.java
D:\VMS-Development\VMS-Users-Gateway-Service\src\main\java\com\quest\vms\dto\TempAccessDTO.java
D:\VMS-Development\VMS-Users-Gateway-Service\src\main\java\com\quest\vms\common\utils\ErrorCodes.java
D:\VMS-Development\VMS-Users-Gateway-Service\src\main\java\com\quest\vms\service\KioskGatewayServiceImpl.java
D:\VMS-Development\VMS-Users-Gateway-Service\src\main\java\com\quest\vms\service\KioskGatewayService.java
D:\VMS-Development\VMS-Users-Gateway-Service\src\main\java\com\quest\vms\swaggerConfig\SecurityConfig.java
D:\VMS-Development\VMS-Users-Gateway-Service\src\main\java\com\quest\vms\swaggerConfig\Swagger2Config.java
D:\VMS-Development\VMS-Users-Gateway-Service\src\main\java\com\quest\vms\common\utils\VmsConstants.java
