com\quest\vms\dto\LoginRequest.class
com\quest\vms\service\UserDetailsService.class
com\quest\vms\service\UserDetailsImpl.class
com\quest\vms\common\utils\VmsConstants.class
com\quest\vms\config\RestExceptionHandler.class
com\quest\vms\resource\ResourceController.class
com\quest\vms\config\AuthTokenFilter.class
com\quest\vms\config\RequestHandler.class
com\quest\vms\dto\SignupRequest$SignupRequestBuilder.class
com\quest\vms\dto\SignupRequest.class
com\quest\vms\dto\JwtResponse$JwtResponseBuilder.class
com\quest\vms\VmsAuthServerApplication.class
com\quest\vms\config\WebSecurityConfig.class
com\quest\vms\entity\UserToken$UserTokenBuilder.class
com\quest\vms\common\utils\GenericResponse.class
com\quest\vms\dto\MessageResponse$MessageResponseBuilder.class
com\quest\vms\dto\MessageResponse.class
com\quest\vms\dao\UserDAOImpl.class
com\quest\vms\repository\RoleRepository.class
com\quest\vms\service\UserDetailsServiceImpl.class
com\quest\vms\common\utils\ERole.class
com\quest\vms\dto\JwtResponse.class
com\quest\vms\entity\UserToken.class
com\quest\vms\service\AuthService.class
com\quest\vms\dao\UserDao.class
com\quest\vms\config\JwtUtils.class
com\quest\vms\entity\Permissions.class
com\quest\vms\service\AuthServiceImpl.class
com\quest\vms\common\utils\ErrorCodes.class
com\quest\vms\entity\Role.class
com\quest\vms\entity\User.class
com\quest\vms\common\utils\GenericResponse$GenericResponseBuilder.class
com\quest\vms\dto\LoginRequest$LoginRequestBuilder.class
com\quest\vms\repository\TokenRepository.class
com\quest\vms\resource\AuthController.class
com\quest\vms\repository\UserRepository.class
