D:\VMS-Development\Auth-Service\VMS-Authorization-Service\src\main\java\com\quest\vms\VmsAuthServerApplication.java
D:\VMS-Development\Auth-Service\VMS-Authorization-Service\src\main\java\com\quest\vms\common\utils\ERole.java
D:\VMS-Development\Auth-Service\VMS-Authorization-Service\src\main\java\com\quest\vms\resource\ResourceController.java
D:\VMS-Development\Auth-Service\VMS-Authorization-Service\src\main\java\com\quest\vms\service\UserDetailsService.java
D:\VMS-Development\Auth-Service\VMS-Authorization-Service\src\main\java\com\quest\vms\common\utils\GenericResponse.java
D:\VMS-Development\Auth-Service\VMS-Authorization-Service\src\main\java\com\quest\vms\service\UserDetailsImpl.java
D:\VMS-Development\Auth-Service\VMS-Authorization-Service\src\main\java\com\quest\vms\dto\MessageResponse.java
D:\VMS-Development\Auth-Service\VMS-Authorization-Service\src\main\java\com\quest\vms\common\utils\ErrorCodes.java
D:\VMS-Development\Auth-Service\VMS-Authorization-Service\src\main\java\com\quest\vms\entity\Role.java
D:\VMS-Development\Auth-Service\VMS-Authorization-Service\src\main\java\com\quest\vms\common\utils\VmsConstants.java
D:\VMS-Development\Auth-Service\VMS-Authorization-Service\src\main\java\com\quest\vms\entity\User.java
D:\VMS-Development\Auth-Service\VMS-Authorization-Service\src\main\java\com\quest\vms\config\AuthEntryPointJwt.java
D:\VMS-Development\Auth-Service\VMS-Authorization-Service\src\main\java\com\quest\vms\dao\UserDAOImpl.java
D:\VMS-Development\Auth-Service\VMS-Authorization-Service\src\main\java\com\quest\vms\repository\RoleRepository.java
D:\VMS-Development\Auth-Service\VMS-Authorization-Service\src\main\java\com\quest\vms\dto\JwtResponse.java
D:\VMS-Development\Auth-Service\VMS-Authorization-Service\src\main\java\com\quest\vms\dto\SignupRequest.java
D:\VMS-Development\Auth-Service\VMS-Authorization-Service\src\main\java\com\quest\vms\service\UserDetailsServiceImpl.java
D:\VMS-Development\Auth-Service\VMS-Authorization-Service\src\main\java\com\quest\vms\dto\LoginRequest.java
D:\VMS-Development\Auth-Service\VMS-Authorization-Service\src\main\java\com\quest\vms\config\AuthTokenFilter.java
D:\VMS-Development\Auth-Service\VMS-Authorization-Service\src\main\java\com\quest\vms\resource\AuthController.java
D:\VMS-Development\Auth-Service\VMS-Authorization-Service\src\main\java\com\quest\vms\config\RestExceptionHandler.java
D:\VMS-Development\Auth-Service\VMS-Authorization-Service\src\main\java\com\quest\vms\config\WebSecurityConfig.java
D:\VMS-Development\Auth-Service\VMS-Authorization-Service\src\main\java\com\quest\vms\config\JwtUtils.java
D:\VMS-Development\Auth-Service\VMS-Authorization-Service\src\main\java\com\quest\vms\dao\UserDao.java
D:\VMS-Development\Auth-Service\VMS-Authorization-Service\src\main\java\com\quest\vms\repository\UserRepository.java
