D:\VMS-Development\Visitor-Gateway-Service\src\main\java\com\quest\vms\VmsWrapperApplication.java
D:\VMS-Development\Visitor-Gateway-Service\src\main\java\com\quest\vms\common\utils\VmsConstants.java
D:\VMS-Development\Visitor-Gateway-Service\src\main\java\com\quest\vms\common\utils\GenericResponse.java
D:\VMS-Development\Visitor-Gateway-Service\src\main\java\com\quest\vms\dto\ContactPersonDTO.java
D:\VMS-Development\Visitor-Gateway-Service\src\main\java\com\quest\vms\exception\ServiceException.java
D:\VMS-Development\Visitor-Gateway-Service\src\main\java\com\quest\vms\dto\VisitorDTO.java
D:\VMS-Development\Visitor-Gateway-Service\src\main\java\com\quest\vms\swaggerConfig\Swagger2Config.java
D:\VMS-Development\Visitor-Gateway-Service\src\main\java\com\quest\vms\service\GatewayServiceImpl.java
D:\VMS-Development\Visitor-Gateway-Service\src\main\java\com\quest\vms\dto\ValidateOtpDTO.java
D:\VMS-Development\Visitor-Gateway-Service\src\main\java\com\quest\vms\dto\DeviceDTO.java
D:\VMS-Development\Visitor-Gateway-Service\src\main\java\com\quest\vms\exception\InternalServerError.java
D:\VMS-Development\Visitor-Gateway-Service\src\main\java\com\quest\vms\dto\TimeSlotDTO.java
D:\VMS-Development\Visitor-Gateway-Service\src\main\java\com\quest\vms\dto\VisitDTO.java
D:\VMS-Development\Visitor-Gateway-Service\src\main\java\com\quest\vms\common\utils\ErrorCodes.java
D:\VMS-Development\Visitor-Gateway-Service\src\main\java\com\quest\vms\dto\OtpDTO.java
D:\VMS-Development\Visitor-Gateway-Service\src\main\java\com\quest\vms\dto\VisitorsCountDTO.java
D:\VMS-Development\Visitor-Gateway-Service\src\main\java\com\quest\vms\service\GatewayService.java
D:\VMS-Development\Visitor-Gateway-Service\src\main\java\com\quest\vms\controller\GatewayController.java
D:\VMS-Development\Visitor-Gateway-Service\src\main\java\com\quest\vms\exception\RestExceptionHandler.java
