com\quest\vms\service\KioskServiceImpl.class
com\quest\vms\service\UserServiceImpl.class
com\quest\vms\entity\Kiosk.class
com\quest\vms\common\utils\VmsConstants.class
com\quest\vms\entity\Office_Locations$Office_LocationsBuilder.class
com\quest\vms\controllers\UserController.class
com\quest\vms\dto\OfficeLocationsDTO$OfficeLocationsDTOBuilder.class
com\quest\vms\dto\EmployeeRecordsDTO$EmployeeRecordsDTOBuilder.class
com\quest\vms\service\KioskService.class
com\quest\vms\dao\UserDAO.class
com\quest\vms\dto\EmployeeRecordsDTO.class
com\quest\vms\dao\UserDAOImpl.class
com\quest\vms\entity\EmployeeRecords.class
com\quest\vms\entity\User$UserBuilder.class
com\quest\vms\dao\KioskDAO.class
com\quest\vms\config\Swagger2Config.class
com\quest\vms\entity\User.class
com\quest\vms\exception\RecordNotFoundException.class
com\quest\vms\dao\KioskDAOImpl.class
com\quest\vms\dto\KioskDTO.class
com\quest\vms\service\UserService.class
com\quest\vms\dto\TempAccessDTO$TempAccessDTOBuilder.class
com\quest\vms\dto\UserDTO.class
com\quest\vms\repository\UserRepository.class
com\quest\vms\controllers\KioskController.class
com\quest\vms\repository\TempAccessRepository.class
com\quest\vms\dto\TempAccessDTO.class
com\quest\vms\exception\InternalServerError.class
com\quest\vms\entity\Kiosk$KioskBuilder.class
com\quest\vms\dto\UserDTO$UserDTOBuilder.class
com\quest\vms\repository\KioskRepository.class
com\quest\vms\common\utils\GenericResponse.class
com\quest\vms\entity\TempAccess$TempAccessBuilder.class
com\quest\vms\dto\EmployeesCountDTO.class
com\quest\vms\exception\ServiceException.class
com\quest\vms\entity\Office_Locations.class
com\quest\vms\dto\KioskDTO$KioskDTOBuilder.class
com\quest\vms\common\utils\ErrorCodes.class
com\quest\vms\dto\OfficeLocationsDTO.class
com\quest\vms\entity\TempAccess.class
com\quest\vms\repository\EmployeeRecordsRepository.class
com\quest\vms\dto\EmployeesCountDTO$EmployeesCountDTOBuilder.class
com\quest\vms\common\utils\GenericResponse$GenericResponseBuilder.class
com\quest\vms\exception\RestExceptionHandler.class
com\quest\vms\entity\EmployeeRecords$EmployeeRecordsBuilder.class
com\quest\vms\VmsUsersMicroserviceApplication.class
com\quest\vms\exception\DBException.class
