D:\VMS-Development\VMS-Users-Service\src\main\java\com\quest\vms\exception\RestExceptionHandler.java
D:\VMS-Development\VMS-Users-Service\src\main\java\com\quest\vms\entity\Office_Locations.java
D:\VMS-Development\VMS-Users-Service\src\main\java\com\quest\vms\repository\KioskRepository.java
D:\VMS-Development\VMS-Users-Service\src\main\java\com\quest\vms\service\UserServiceImpl.java
D:\VMS-Development\VMS-Users-Service\src\main\java\com\quest\vms\dto\UserDTO.java
D:\VMS-Development\VMS-Users-Service\src\main\java\com\quest\vms\VmsUsersMicroserviceApplication.java
D:\VMS-Development\VMS-Users-Service\src\main\java\com\quest\vms\config\Swagger2Config.java
D:\VMS-Development\VMS-Users-Service\src\main\java\com\quest\vms\exception\ServiceException.java
D:\VMS-Development\VMS-Users-Service\src\main\java\com\quest\vms\common\utils\VmsConstants.java
D:\VMS-Development\VMS-Users-Service\src\main\java\com\quest\vms\dto\OfficeLocationsDTO.java
D:\VMS-Development\VMS-Users-Service\src\main\java\com\quest\vms\repository\UserRepository.java
D:\VMS-Development\VMS-Users-Service\src\main\java\com\quest\vms\dao\KioskDAO.java
D:\VMS-Development\VMS-Users-Service\src\main\java\com\quest\vms\controllers\UserController.java
D:\VMS-Development\VMS-Users-Service\src\main\java\com\quest\vms\dao\UserDAO.java
D:\VMS-Development\VMS-Users-Service\src\main\java\com\quest\vms\dto\KioskDTO.java
D:\VMS-Development\VMS-Users-Service\src\main\java\com\quest\vms\service\KioskService.java
D:\VMS-Development\VMS-Users-Service\src\main\java\com\quest\vms\common\utils\GenericResponse.java
D:\VMS-Development\VMS-Users-Service\src\main\java\com\quest\vms\config\SecurityConfig.java
D:\VMS-Development\VMS-Users-Service\src\main\java\com\quest\vms\entity\Kiosk.java
D:\VMS-Development\VMS-Users-Service\src\main\java\com\quest\vms\exception\RecordNotFoundException.java
D:\VMS-Development\VMS-Users-Service\src\main\java\com\quest\vms\service\KioskServiceImpl.java
D:\VMS-Development\VMS-Users-Service\src\main\java\com\quest\vms\common\utils\ErrorCodes.java
D:\VMS-Development\VMS-Users-Service\src\main\java\com\quest\vms\controllers\KioskController.java
D:\VMS-Development\VMS-Users-Service\src\main\java\com\quest\vms\entity\User.java
D:\VMS-Development\VMS-Users-Service\src\main\java\com\quest\vms\exception\DBException.java
D:\VMS-Development\VMS-Users-Service\src\main\java\com\quest\vms\service\UserService.java
D:\VMS-Development\VMS-Users-Service\src\main\java\com\quest\vms\dao\KioskDAOImpl.java
D:\VMS-Development\VMS-Users-Service\src\main\java\com\quest\vms\config\ServerConfig.java
D:\VMS-Development\VMS-Users-Service\src\main\java\com\quest\vms\exception\InternalServerError.java
D:\VMS-Development\VMS-Users-Service\src\main\java\com\quest\vms\dao\UserDAOImpl.java
