C:\Users\ketan\Downloads\VMS-Users-Service\VMS-Users-Service\src\main\java\com\quest\vms\dao\KioskDAOImpl.java
C:\Users\ketan\Downloads\VMS-Users-Service\VMS-Users-Service\src\main\java\com\quest\vms\entity\User.java
C:\Users\ketan\Downloads\VMS-Users-Service\VMS-Users-Service\src\main\java\com\quest\vms\common\utils\GenericResponse.java
C:\Users\ketan\Downloads\VMS-Users-Service\VMS-Users-Service\src\main\java\com\quest\vms\exception\ServiceException.java
C:\Users\ketan\Downloads\VMS-Users-Service\VMS-Users-Service\src\main\java\com\quest\vms\dto\OfficeLocationsDTO.java
C:\Users\ketan\Downloads\VMS-Users-Service\VMS-Users-Service\src\main\java\com\quest\vms\service\UserService.java
C:\Users\ketan\Downloads\VMS-Users-Service\VMS-Users-Service\src\main\java\com\quest\vms\exception\DBException.java
C:\Users\ketan\Downloads\VMS-Users-Service\VMS-Users-Service\src\main\java\com\quest\vms\controllers\UserController.java
C:\Users\ketan\Downloads\VMS-Users-Service\VMS-Users-Service\src\main\java\com\quest\vms\service\KioskService.java
C:\Users\ketan\Downloads\VMS-Users-Service\VMS-Users-Service\src\main\java\com\quest\vms\controllers\KioskController.java
C:\Users\ketan\Downloads\VMS-Users-Service\VMS-Users-Service\src\main\java\com\quest\vms\repository\EmployeeRecordsRepository.java
C:\Users\ketan\Downloads\VMS-Users-Service\VMS-Users-Service\src\main\java\com\quest\vms\common\utils\ErrorCodes.java
C:\Users\ketan\Downloads\VMS-Users-Service\VMS-Users-Service\src\main\java\com\quest\vms\exception\RestExceptionHandler.java
C:\Users\ketan\Downloads\VMS-Users-Service\VMS-Users-Service\src\main\java\com\quest\vms\config\SecurityConfig.java
C:\Users\ketan\Downloads\VMS-Users-Service\VMS-Users-Service\src\main\java\com\quest\vms\repository\TempAccessRepository.java
C:\Users\ketan\Downloads\VMS-Users-Service\VMS-Users-Service\src\main\java\com\quest\vms\dao\UserDAOImpl.java
C:\Users\ketan\Downloads\VMS-Users-Service\VMS-Users-Service\src\main\java\com\quest\vms\repository\KioskRepository.java
C:\Users\ketan\Downloads\VMS-Users-Service\VMS-Users-Service\src\main\java\com\quest\vms\VmsUsersMicroserviceApplication.java
C:\Users\ketan\Downloads\VMS-Users-Service\VMS-Users-Service\src\main\java\com\quest\vms\config\ServerConfig.java
C:\Users\ketan\Downloads\VMS-Users-Service\VMS-Users-Service\src\main\java\com\quest\vms\entity\TempAccess.java
C:\Users\ketan\Downloads\VMS-Users-Service\VMS-Users-Service\src\main\java\com\quest\vms\entity\EmployeeRecords.java
C:\Users\ketan\Downloads\VMS-Users-Service\VMS-Users-Service\src\main\java\com\quest\vms\service\KioskServiceImpl.java
C:\Users\ketan\Downloads\VMS-Users-Service\VMS-Users-Service\src\main\java\com\quest\vms\dto\EmployeeRecordsDTO.java
C:\Users\ketan\Downloads\VMS-Users-Service\VMS-Users-Service\src\main\java\com\quest\vms\dao\KioskDAO.java
C:\Users\ketan\Downloads\VMS-Users-Service\VMS-Users-Service\src\main\java\com\quest\vms\dto\EmployeesCountDTO.java
C:\Users\ketan\Downloads\VMS-Users-Service\VMS-Users-Service\src\main\java\com\quest\vms\repository\UserRepository.java
C:\Users\ketan\Downloads\VMS-Users-Service\VMS-Users-Service\src\main\java\com\quest\vms\dto\KioskDTO.java
C:\Users\ketan\Downloads\VMS-Users-Service\VMS-Users-Service\src\main\java\com\quest\vms\exception\InternalServerError.java
C:\Users\ketan\Downloads\VMS-Users-Service\VMS-Users-Service\src\main\java\com\quest\vms\dto\TempAccessDTO.java
C:\Users\ketan\Downloads\VMS-Users-Service\VMS-Users-Service\src\main\java\com\quest\vms\entity\Office_Locations.java
C:\Users\ketan\Downloads\VMS-Users-Service\VMS-Users-Service\src\main\java\com\quest\vms\service\UserServiceImpl.java
C:\Users\ketan\Downloads\VMS-Users-Service\VMS-Users-Service\src\main\java\com\quest\vms\exception\RecordNotFoundException.java
C:\Users\ketan\Downloads\VMS-Users-Service\VMS-Users-Service\src\main\java\com\quest\vms\config\Swagger2Config.java
C:\Users\ketan\Downloads\VMS-Users-Service\VMS-Users-Service\src\main\java\com\quest\vms\entity\Kiosk.java
C:\Users\ketan\Downloads\VMS-Users-Service\VMS-Users-Service\src\main\java\com\quest\vms\dto\UserDTO.java
C:\Users\ketan\Downloads\VMS-Users-Service\VMS-Users-Service\src\main\java\com\quest\vms\common\utils\VmsConstants.java
C:\Users\ketan\Downloads\VMS-Users-Service\VMS-Users-Service\src\main\java\com\quest\vms\dao\UserDAO.java
